
> blog@0.0.0 build
> tsc -b && vite build

src/layouts/AdminLayout.tsx(7,11): error TS2339: Property 'isAdmin' does not exist on type 'BlogState'.
src/layouts/AdminLayout.tsx(7,20): error TS2339: Property 'logout' does not exist on type 'BlogState'.
src/pages/admin/LoginPage.tsx(11,11): error TS2339: Property 'login' does not exist on type 'BlogState'.
src/pages/public/ArticleDetailPage.tsx(18,75): error TS2339: Property 'id' does not exist on type 'Promise<Article | null>'.
src/pages/public/ArticleDetailPage.tsx(47,26): error TS2339: Property 'id' does not exist on type 'Promise<Article | null>'.
src/pages/public/ArticleDetailPage.tsx(61,25): error TS2339: Property 'title' does not exist on type 'Promise<Article | null>'.
src/pages/public/ArticleDetailPage.tsx(75,28): error TS2339: Property 'thumbnail' does not exist on type 'Promise<Article | null>'.
src/pages/public/ArticleDetailPage.tsx(76,28): error TS2339: Property 'title' does not exist on type 'Promise<Article | null>'.
src/pages/public/ArticleDetailPage.tsx(93,28): error TS2339: Property 'category' does not exist on type 'Promise<Article | null>'.
src/pages/public/ArticleDetailPage.tsx(96,48): error TS2339: Property 'readTime' does not exist on type 'Promise<Article | null>'.
src/pages/public/ArticleDetailPage.tsx(101,26): error TS2339: Property 'title' does not exist on type 'Promise<Article | null>'.
src/pages/public/ArticleDetailPage.tsx(106,28): error TS2339: Property 'author' does not exist on type 'Promise<Article | null>'.
src/pages/public/ArticleDetailPage.tsx(110,30): error TS2339: Property 'author' does not exist on type 'Promise<Article | null>'.
src/pages/public/ArticleDetailPage.tsx(113,46): error TS2339: Property 'createdAt' does not exist on type 'Promise<Article | null>'.
src/pages/public/ArticleDetailPage.tsx(208,30): error TS2339: Property 'views' does not exist on type 'Promise<Article | null>'.
src/pages/public/ArticleDetailPage.tsx(215,62): error TS2339: Property 'content' does not exist on type 'Promise<Article | null>'.
src/pages/public/ArticleDetailPage.tsx(295,47): error TS2339: Property 'id' does not exist on type 'Promise<Article | null>'.
src/pages/public/ArticleDetailPage.tsx(296,39): error TS2339: Property 'category' does not exist on type 'Promise<Article | null>'.
